// Jest Snapshot v1, https://goo.gl/fbAQLP

exports[`<Writings /> should render heading, filter and writings 1`] = `
.c12 {
  font-size: 3.2rem;
  line-height: 4.2rem;
  color: #EDEDEF;
  font-weight: 600;
}

.c13 {
  font-size: 1.6rem;
  line-height: 2.4rem;
  color: #888888;
}

.c1 {
  width: 100%;
  max-width: 94rem;
  margin-left: auto;
  margin-right: auto;
  padding-left: calc(4rem / 2);
  padding-right: calc(4rem / 2);
}

.c28 {
  width: -webkit-fit-content;
  width: -moz-fit-content;
  width: fit-content;
  font-size: 1.6rem;
  line-height: 2.4rem;
  color: #EDEDEF;
  background-color: #107BEB;
  border-radius: 0.4rem;
  padding: 1rem 4rem;
  display: -webkit-box;
  display: -webkit-flex;
  display: -ms-flexbox;
  display: flex;
  -webkit-align-items: center;
  -webkit-box-align: center;
  -ms-flex-align: center;
  align-items: center;
  -webkit-box-pack: center;
  -webkit-justify-content: center;
  -ms-flex-pack: center;
  justify-content: center;
  border: none;
  cursor: pointer;
  -webkit-text-decoration: none;
  text-decoration: none;
}

.c26 {
  all: unset;
  width: 100%;
  font-size: 1.6rem;
  background: #2D2D2F;
  padding: 1.2rem 1.5rem;
  border-radius: 0.4rem;
  color: #EDEDEF;
}

.c26::-webkit-input-placeholder {
  color: #888888;
}

.c26::-moz-placeholder {
  color: #888888;
}

.c26:-ms-input-placeholder {
  color: #888888;
}

.c26::placeholder {
  color: #888888;
}

.c16 {
  margin-top: 5rem;
  padding-top: 3rem;
  border-top: 1px solid #2D2D2F;
}

.c17 {
  display: -webkit-box;
  display: -webkit-flex;
  display: -ms-flexbox;
  display: flex;
  -webkit-align-items: center;
  -webkit-box-align: center;
  -ms-flex-align: center;
  align-items: center;
  gap: 1.5rem;
  color: #EDEDEF;
  font-size: 1.6rem;
}

.c18 {
  font-family: Inter,-apple-system,BlinkMacSystemFont,'Segoe UI',Roboto,Oxygen,Ubuntu,Cantarell,'Open Sans','Helvetica Neue',sans-serif;
  font-weight: 600;
}

.c19 {
  display: -webkit-box;
  display: -webkit-flex;
  display: -ms-flexbox;
  display: flex;
  -webkit-flex-wrap: wrap;
  -ms-flex-wrap: wrap;
  flex-wrap: wrap;
  gap: 8rem;
  margin-top: 2.5rem;
}

.c20 {
  color: #EDEDEF;
  font-size: 1.6rem;
  line-height: 2.4rem;
  font-weight: 400;
}

.c24 {
  font-size: 1.6rem;
  color: #888888;
}

.c21 {
  display: -webkit-box;
  display: -webkit-flex;
  display: -ms-flexbox;
  display: flex;
  -webkit-flex-direction: column;
  -ms-flex-direction: column;
  flex-direction: column;
  gap: 1.5rem;
  margin-top: 1.5rem;
}

.c22 {
  color: #888888;
  font-size: 1.6rem;
  -webkit-text-decoration: none;
  text-decoration: none;
}

.c22:hover {
  -webkit-text-decoration: underline;
  text-decoration: underline;
}

.c29 {
  color: #EDEDEF;
  font-size: 1.6rem;
  line-height: 2.4rem;
  margin-top: 3rem;
}

.c23 {
  -webkit-flex: 1;
  -ms-flex: 1;
  flex: 1;
}

.c25 {
  display: -webkit-box;
  display: -webkit-flex;
  display: -ms-flexbox;
  display: flex;
  margin-top: 1rem;
}

.c25 button {
  border-top-left-radius: 0;
  border-bottom-left-radius: 0;
  padding-left: 1.5rem;
  padding-right: 1.5rem;
}

.c27 {
  border-top-right-radius: 0;
  border-bottom-right-radius: 0;
  min-width: 10rem;
}

.c3 {
  font-family: Poppins;
  font-size: 3.2rem;
  color: #EDEDEF;
}

.c4 {
  color: #107BEB;
}

.c6 {
  display: -webkit-box;
  display: -webkit-flex;
  display: -ms-flexbox;
  display: flex;
  -webkit-flex-direction: column;
  -ms-flex-direction: column;
  flex-direction: column;
  gap: 4px;
  -webkit-align-items: center;
  -webkit-box-align: center;
  -ms-flex-align: center;
  align-items: center;
}

.c5 {
  all: unset;
}

.c7 {
  width: 2.7rem;
  height: 3px;
  border-radius: 2px;
  background-color: white;
}

.c2 {
  display: -webkit-box;
  display: -webkit-flex;
  display: -ms-flexbox;
  display: flex;
  -webkit-box-pack: justify;
  -webkit-justify-content: space-between;
  -ms-flex-pack: justify;
  justify-content: space-between;
  -webkit-align-items: center;
  -webkit-box-align: center;
  -ms-flex-align: center;
  align-items: center;
}

.c8 {
  gap: 3rem;
}

.c9 {
  font-size: 1.6rem;
  -webkit-text-decoration: none;
  text-decoration: none;
  color: #EDEDEF;
  padding: 0 1.5rem;
  color: #107BEB;
}

.c10 {
  font-size: 1.6rem;
  -webkit-text-decoration: none;
  text-decoration: none;
  color: #EDEDEF;
  padding: 0 1.5rem;
}

.c0 {
  margin: 5rem 0;
}

.c11 {
  margin-top: 10rem;
}

.c14 {
  display: -webkit-box;
  display: -webkit-flex;
  display: -ms-flexbox;
  display: flex;
  -webkit-flex-direction: column;
  -ms-flex-direction: column;
  flex-direction: column;
  gap: 1rem;
}

.c15 {
  margin-top: 3rem;
}

@media (min-width:768px) {
  .c6 {
    display: none;
  }
}

@media (max-width:768px) {
  .c8 {
    display: none;
  }
}

@media (max-width:768px) {
  .c0 {
    margin: 3rem 0;
  }
}

@media (max-width:768px) {
  .c11 {
    margin-top: 5rem;
  }
}

<div
  class="c0"
>
  <div
    class="c1"
  >
    <menu
      class="c2"
    >
      <div
        class="c3"
        data-testid="logo"
      >
        Douglas
        <span
          class="c4"
        >
          .
        </span>
      </div>
      <button
        class="c5"
        type="button"
      >
        <nav
          class="c6"
        >
          <span
            class="c7"
          />
          <span
            class="c7"
          />
        </nav>
      </button>
      <nav
        class="c8"
      >
        <a
          class="c9"
          href="/"
        >
          Home
        </a>
        <a
          class="c10"
          href="/about"
        >
          About
        </a>
        <a
          class="c10"
          href="/writings"
        >
          Writings
        </a>
        <a
          class="c10"
          href="/guestbook"
        >
          Guestbook
        </a>
      </nav>
    </menu>
    <main
      class="c11"
    >
      <h1
        class="c12"
      >
        Writings
      </h1>
      <p
        class="c13"
      >
        Brain dumps, explorations, and how-to guides. I write about different topics, such as design system, accessibility, start ups and user/dev experience.
      </p>
      <div
        data-testid="filter"
      />
      <div
        class="c14 c15"
        spacing="1rem"
      >
        <div
          data-testid="writing"
        />
        <div
          data-testid="writing"
        />
        <div
          data-testid="writing"
        />
        <div
          data-testid="writing"
        />
        <div
          data-testid="writing"
        />
        <div
          data-testid="writing"
        />
      </div>
    </main>
    <footer
      class="c16"
    >
      <div
        class="c17"
      >
        <svg
          color="#EDEDEF"
          fill="currentColor"
          height="24"
          stroke="currentColor"
          stroke-width="0"
          style="color: rgb(237, 237, 239);"
          viewBox="0 0 24 24"
          width="24"
          xmlns="http://www.w3.org/2000/svg"
        >
          <g>
            <path
              d="M0 0h24v24H0z"
              fill="none"
            />
            <path
              d="M12 2C6.5 2 2 6.5 2 12s4.5 10 10 10 10-4.5 10-10S17.55 2 12 2zm3.75 14.65c-2.35-1.45-5.3-1.75-8.8-.95-.35.1-.65-.15-.75-.45-.1-.35.15-.65.45-.75 3.8-.85 7.1-.5 9.7 1.1.35.15.4.55.25.85-.2.3-.55.4-.85.2zm1-2.7c-2.7-1.65-6.8-2.15-9.95-1.15-.4.1-.85-.1-.95-.5-.1-.4.1-.85.5-.95 3.65-1.1 8.15-.55 11.25 1.35.3.15.45.65.2 1s-.7.5-1.05.25zM6.3 9.75c-.5.15-1-.15-1.15-.6-.15-.5.15-1 .6-1.15 3.55-1.05 9.4-.85 13.1 1.35.45.25.6.85.35 1.3-.25.35-.85.5-1.3.25C14.7 9 9.35 8.8 6.3 9.75z"
              fill-rule="nonzero"
            />
          </g>
        </svg>
        <span>
          Now playing: 
          <span
            class="c18"
          >
            Holy Hell - Architects
          </span>
        </span>
      </div>
      <menu
        class="c19"
      >
        <section>
          <h3
            class="c20"
          >
            Navigation
          </h3>
          <nav
            class="c21"
          >
            <a
              class="c22"
              href="/"
            >
              Home
            </a>
            <a
              class="c22"
              href="/about"
            >
              About
            </a>
            <a
              class="c22"
              href="/writings"
            >
              Writings
            </a>
            <a
              class="c22"
              href="/guestbook"
            >
              Guestbook
            </a>
          </nav>
        </section>
        <section>
          <h3
            class="c20"
          >
            Social
          </h3>
          <nav
            class="c21"
          >
            <a
              class="c22"
              href="https://github.com/doougui"
              target="_blank"
            >
              GitHub
            </a>
            <a
              class="c22"
              href="https://www.linkedin.com/in/douglaspigoulart/"
              target="_blank"
            >
              Linkedin
            </a>
            <a
              class="c22"
              href="https://twitter.com/oDougui"
              target="_blank"
            >
              Twitter
            </a>
            <a
              class="c22"
              href="mailto:douglaspigoulart@gmail.com"
              target="_blank"
            >
              E-mail
            </a>
          </nav>
        </section>
        <section>
          <h3
            class="c20"
          >
            Extras
          </h3>
          <nav
            class="c21"
          >
            <a
              class="c22"
              href="/"
              target="_blank"
            >
              Newsletter
            </a>
            <a
              class="c22"
              href="/"
              target="_blank"
            >
              Resume
            </a>
            <a
              class="c22"
              href="/"
              target="_blank"
            >
              Snippets
            </a>
            <a
              class="c22"
              href="https://gitlab.com/douglaspigoulart"
              target="_blank"
            >
              GitLab
            </a>
          </nav>
        </section>
        <section
          class="c23"
        >
          <h3
            class="c20"
          >
            Newsletter
          </h3>
          <p
            class="c24"
          >
            Get new articles delivered to your inbox!
          </p>
          <div
            class="c25"
          >
            <input
              class="c26 c27"
              placeholder="johndoe@email.com"
            />
            <button
              class="c28"
            >
              Subscribe
            </button>
          </div>
        </section>
      </menu>
      <p
        class="c29"
      >
        © 2022 Douglas Pinheiro Goulart
      </p>
    </footer>
  </div>
</div>
`;
