// Jest Snapshot v1, https://goo.gl/fbAQLP

exports[`<AboutMe /> should render correctly 1`] = `
.c0 {
  display: -webkit-box;
  display: -webkit-flex;
  display: -ms-flexbox;
  display: flex;
  -webkit-align-items: center;
  -webkit-box-align: center;
  -ms-flex-align: center;
  align-items: center;
  gap: 3rem;
}

.c1 {
  display: -webkit-box;
  display: -webkit-flex;
  display: -ms-flexbox;
  display: flex;
  -webkit-flex-direction: column;
  -ms-flex-direction: column;
  flex-direction: column;
  gap: 2rem;
}

.c2 {
  font-size: 1.6rem;
  line-height: 2.4rem;
  color: #EDEDEF;
}

@media (max-width:768px) {
  .c0 {
    -webkit-flex-direction: column;
    -ms-flex-direction: column;
    flex-direction: column;
  }
}

<section
  class="c0"
>
  <div
    data-testid="me-image"
  />
  <div
    class="c1"
  >
    <p
      class="c2"
    >
      Hi. My name is Douglas, and I'm a software developer. Nice to meet you 👋. Aside from software development, I also like to play some games and write about things I learn.
    </p>
    <p
      class="c2"
    >
      One day, I went to visit a technical school. I saw some robots and decided to learn programming, and here I am 😀. I've been studying software development for over 4 years now.
    </p>
    <p
      class="c2"
    >
      While working professionally, I managed to ship products which generated value and eased the life of thousands of users whilst improving the quality of existing software and creating new, valuable software from the beginning.
    </p>
  </div>
</section>
`;
