// Jest Snapshot v1, https://goo.gl/fbAQLP

exports[`<MobileMenu /> should render navigation and toggle button 1`] = `
.c0 {
  display: -webkit-box;
  display: -webkit-flex;
  display: -ms-flexbox;
  display: flex;
  -webkit-align-items: center;
  -webkit-box-align: center;
  -ms-flex-align: center;
  align-items: center;
}

@media (min-width:768px) {
  .c0 {
    display: none;
  }
}

<div
  class="c0"
  data-testid="container"
>
  <div
    data-testid="navigation"
  />
  <div
    data-testid="toggle"
  />
</div>
`;
