// Jest Snapshot v1, https://goo.gl/fbAQLP

exports[`<Logo /> should render correctly 1`] = `
.c0 {
  font-family: Poppins;
  font-weight: 600;
  font-size: 3.2rem;
  color: #EDEDEF;
}

.c1 {
  color: #107BEB;
}

<div
  class="c0"
  data-testid="logo"
>
  Douglas
  <span
    class="c1"
  >
    .
  </span>
</div>
`;
