// Jest Snapshot v1, https://goo.gl/fbAQLP

exports[`<Logo /> should render correctly 1`] = `
.c0 {
  -webkit-text-decoration: none;
  text-decoration: none;
}

<a
  class="c0"
  href="/"
>
  <img
    alt="Douglas' Logo"
    data-nimg="1"
    decoding="async"
    height="40"
    loading="lazy"
    src="http://localhost/_next/image?url=%2Fimg.jpg&w=96&q=75"
    srcset="/_next/image?url=%2Fimg.jpg&w=48&q=75 1x, /_next/image?url=%2Fimg.jpg&w=96&q=75 2x"
    style="color: transparent;"
    width="40"
  />
</a>
`;
